// Jest Snapshot v1, https://goo.gl/fbAQLP

exports[`Footer with Link should match with snapshot 1`] = `
<footer
  className="header text-decoration-none footer "
>
  <a
    className="link footer-link"
    href="/"
    onClick={[Function]}
  >
    Thank You For Using Foodistics
  </a>
  <p
    className="span"
  >
    Happi Guru
  </p>
</footer>
`;
